// Jest Snapshot v1, https://goo.gl/fbAQLP

exports[`Table render 1`] = `
"<div class=\\"table-wrap\\">
  <table class=\\"table-content\\">
    <thead class=\\"table-thead\\">
      <tr class=\\"table-thead-tr\\">
        <th utid=\\"table-header-num\\" class=\\"table-thead-th\\">
          <div class=\\"table-thead-th-title\\"><span class=\\"table-thead-th-title__text\\">序号</span></div>
        </th>
        <th utid=\\"table-header-name\\" class=\\"table-thead-th\\">
          <div class=\\"table-thead-th-title\\"><span class=\\"table-thead-th-title__text\\">名称</span></div>
        </th>
        <th utid=\\"table-header-sex\\" class=\\"table-thead-th\\">
          <div class=\\"table-thead-th-title\\"><span class=\\"table-thead-th-title__text\\">性别</span></div>
        </th>
      </tr>
    </thead>
    <tbody class=\\"table-body\\">
      <tr class=\\"table-body-tr\\">
        <td utid=\\"table-body-num-0\\" class=\\"table-body-td\\" style=\\"height: 40px; max-height: 40px;\\">4</td>
        <td utid=\\"table-body-name-0\\" class=\\"table-body-td\\" style=\\"height: 40px; max-height: 40px;\\">小黄</td>
        <td utid=\\"table-body-sex-0\\" class=\\"table-body-td\\" style=\\"height: 40px; max-height: 40px;\\">0</td>
      </tr>
      <tr class=\\"table-body-tr\\">
        <td utid=\\"table-body-num-1\\" class=\\"table-body-td\\" style=\\"height: 40px; max-height: 40px;\\">1</td>
        <td utid=\\"table-body-name-1\\" class=\\"table-body-td\\" style=\\"height: 40px; max-height: 40px;\\">小绿</td>
        <td utid=\\"table-body-sex-1\\" class=\\"table-body-td\\" style=\\"height: 40px; max-height: 40px;\\">1</td>
      </tr>
      <tr class=\\"table-body-tr\\">
        <td utid=\\"table-body-num-2\\" class=\\"table-body-td\\" style=\\"height: 40px; max-height: 40px;\\">2</td>
        <td utid=\\"table-body-name-2\\" class=\\"table-body-td\\" style=\\"height: 40px; max-height: 40px;\\">小蓝</td>
        <td utid=\\"table-body-sex-2\\" class=\\"table-body-td\\" style=\\"height: 40px; max-height: 40px;\\">0</td>
      </tr>
      <tr class=\\"table-body-tr\\">
        <td utid=\\"table-body-num-3\\" class=\\"table-body-td\\" style=\\"height: 40px; max-height: 40px;\\">5</td>
        <td utid=\\"table-body-name-3\\" class=\\"table-body-td\\" style=\\"height: 40px; max-height: 40px;\\">小红</td>
        <td utid=\\"table-body-sex-3\\" class=\\"table-body-td\\" style=\\"height: 40px; max-height: 40px;\\">0</td>
      </tr>
      <tr class=\\"table-body-tr\\">
        <td utid=\\"table-body-num-4\\" class=\\"table-body-td table-body-td-last\\" style=\\"height: 40px; max-height: 40px;\\">3</td>
        <td utid=\\"table-body-name-4\\" class=\\"table-body-td table-body-td-last\\" style=\\"height: 40px; max-height: 40px;\\">小黑</td>
        <td utid=\\"table-body-sex-4\\" class=\\"table-body-td table-body-td-last\\" style=\\"height: 40px; max-height: 40px;\\">0</td>
      </tr>
    </tbody>
  </table>
</div>"
`;
