// Jest Snapshot v1, https://goo.gl/fbAQLP

exports[`Table render 1`] = `
"<div class=\\"table-wrap table-wrap-border-has-pagenation\\">
  <table class=\\"table-content\\">
    <thead class=\\"table-thead\\">
      <tr class=\\"table-thead-tr\\">
        <th utid=\\"table-header-num\\" class=\\"table-thead-th\\">
          <div class=\\"table-thead-th-title\\"><span class=\\"table-thead-th-title__text\\">序号</span></div>
        </th>
        <th utid=\\"table-header-name\\" class=\\"table-thead-th\\">
          <div class=\\"table-thead-th-title\\"><span class=\\"table-thead-th-title__text\\">名称</span></div>
        </th>
        <th utid=\\"table-header-sex\\" class=\\"table-thead-th\\">
          <div class=\\"table-thead-th-title\\"><span class=\\"table-thead-th-title__text\\">性别</span></div>
        </th>
      </tr>
    </thead>
    <tbody class=\\"table-body\\">
      <tr utid=\\"table-body-row-0\\" class=\\"table-body-tr\\">
        <td utid=\\"table-body-num-0\\" class=\\"table-body-td table-body-td-last\\">
          <div class=\\"ellipsis\\">4</div>
        </td>
        <td utid=\\"table-body-name-0\\" class=\\"table-body-td table-body-td-last\\">
          <div class=\\"ellipsis\\">小黄</div>
        </td>
        <td utid=\\"table-body-sex-0\\" class=\\"table-body-td table-body-td-last\\">
          <div class=\\"ellipsis\\">0</div>
        </td>
      </tr>
    </tbody>
  </table>
  <div class=\\"table-pagenation\\">
    <div class=\\"table-pagenation-content\\">
      <div class=\\"table-pagenation-content__total\\">共5条数据</div>
      <div class=\\"table-pagenation-content__left-btn table-pagenation-content__btn disabled\\" utid=\\"table-pagenation-last\\">&lt;</div>
      <div class=\\"table-pagenation-content__btn active\\" utid=\\"table-pagenation-0\\">1</div>
      <div class=\\"table-pagenation-content__btn\\" utid=\\"table-pagenation-1\\">2</div>
      <div class=\\"table-pagenation-content__btn\\" utid=\\"table-pagenation-2\\">3</div>
      <div class=\\"table-pagenation-content__btn\\" utid=\\"table-pagenation-3\\">4</div>
      <div class=\\"table-pagenation-content__btn\\" utid=\\"table-pagenation-4\\">5</div>
      <div class=\\"table-pagenation-content__right-btn table-pagenation-content__btn\\" utid=\\"table-pagenation-next\\">&gt;</div>
    </div>
  </div>
</div>"
`;
